// Jest Snapshot v1, https://goo.gl/fbAQLP

exports[`Cards component should render <Cards> correctly 1`] = `
<div
  className="cards-container"
/>
`;
