// Jest Snapshot v1, https://goo.gl/fbAQLP

exports[`Base component should render <Base> correctly 1`] = `
<Fragment>
  <div
    className="wrapper"
  >
    <Search />
  </div>
  <Footer
    contextClassName="footer-content"
    footerClassName="footer"
  />
</Fragment>
`;
