// Jest Snapshot v1, https://goo.gl/fbAQLP

exports[`Button component should render <Button> correctly 1`] = `
<button
  className="className"
  id="id"
  onClick={[MockFunction]}
>
  text
</button>
`;
