// Jest Snapshot v1, https://goo.gl/fbAQLP

exports[`MovieDetail component should render <MovieDetail> correctly 1`] = `
<ContextProvider
  value={
    Object {
      "store": Object {
        "clearActions": [Function],
        "dispatch": [Function],
        "getActions": [Function],
        "getState": [Function],
        "replaceReducer": [Function],
        "subscribe": [Function],
      },
      "subscription": Subscription {
        "handleChangeWrapper": [Function],
        "listeners": Object {
          "clear": [Function],
          "get": [Function],
          "notify": [Function],
          "subscribe": [Function],
        },
        "onStateChange": [Function],
        "parentSub": undefined,
        "store": Object {
          "clearActions": [Function],
          "dispatch": [Function],
          "getActions": [Function],
          "getState": [Function],
          "replaceReducer": [Function],
          "subscribe": [Function],
        },
        "unsubscribe": [Function],
      },
    }
  }
>
  <ConnectFunction
    changeToGlobalSearchPage={[MockFunction]}
    selectedMovie={
      Array [
        Object {
          "genres": Array [
            "drama",
            "comedy",
            "triller",
          ],
          "id": 505,
          "poster_path": "https://puu.sh/Dl8Lx/d4fcc4e5e6.png",
          "release_date": "20.05.2018",
          "title": "Harry Potter",
        },
      ]
    }
  />
</ContextProvider>
`;
